[2025-11-13T14:21:36.262Z] REG: "C:\WINDOWS\System32\reg.exe" QUERY "HKLM\SOFTWARE\ODBC\ODBCINST.INI\ODBC Drivers" /s
[2025-11-13T14:21:36.290Z] REG: "C:\WINDOWS\System32\reg.exe" QUERY "HKLM\SOFTWARE\ODBC\ODBCINST.INI\ODBC Drivers" /s
[2025-11-13T14:21:36.311Z] REG: "C:\WINDOWS\SysWOW64\reg.exe" QUERY "HKLM\SOFTWARE\ODBC\ODBCINST.INI\ODBC Drivers" /s
[2025-11-13T14:21:36.339Z] REG: "C:\WINDOWS\System32\reg.exe" QUERY "HKCU\SOFTWARE\ODBC\ODBC.INI\DataFlow" /s
[2025-11-13T14:21:36.362Z] REG: "C:\WINDOWS\SysWOW64\reg.exe" QUERY "HKCU\SOFTWARE\ODBC\ODBC.INI\DataFlow" /s
[2025-11-13T14:21:36.385Z] REG: "C:\WINDOWS\System32\reg.exe" QUERY "HKLM\SOFTWARE\ODBC\ODBCINST.INI\SQL Server" /s
[2025-11-13T14:21:36.409Z] REG: "C:\WINDOWS\SysWOW64\reg.exe" QUERY "HKLM\SOFTWARE\ODBC\ODBCINST.INI\SQL Server" /s
[2025-11-13T14:21:36.435Z] REG ADD: "C:\WINDOWS\System32\reg.exe" ADD "HKCU\SOFTWARE\ODBC\ODBC.INI\DataFlow" /v "Driver" /t REG_SZ /d "C:\WINDOWS\System32\SQLSRV32.DLL" /f
[2025-11-13T14:21:36.457Z] REG ADD: "C:\WINDOWS\System32\reg.exe" ADD "HKCU\SOFTWARE\ODBC\ODBC.INI\DataFlow" /v "Server" /t REG_SZ /d "localhost" /f
[2025-11-13T14:21:36.479Z] REG ADD: "C:\WINDOWS\System32\reg.exe" ADD "HKCU\SOFTWARE\ODBC\ODBC.INI\DataFlow" /v "Database" /t REG_SZ /d "manager" /f
[2025-11-13T14:21:36.501Z] REG ADD: "C:\WINDOWS\System32\reg.exe" ADD "HKCU\SOFTWARE\ODBC\ODBC.INI\DataFlow" /v "Trusted_Connection" /t REG_SZ /d "No" /f
[2025-11-13T14:21:36.522Z] REG ADD: "C:\WINDOWS\System32\reg.exe" ADD "HKCU\SOFTWARE\ODBC\ODBC.INI\DataFlow" /v "LastUser" /t REG_SZ /d "bejerman" /f
[2025-11-13T14:21:36.544Z] REG ADD: "C:\WINDOWS\System32\reg.exe" ADD "HKCU\SOFTWARE\ODBC\ODBC.INI\ODBC Data Sources" /v "DataFlow" /t REG_SZ /d "SQL Server" /f
[2025-11-13T14:21:36.567Z] REG ADD: "C:\WINDOWS\SysWOW64\reg.exe" ADD "HKCU\SOFTWARE\ODBC\ODBC.INI\DataFlow" /v "Driver" /t REG_SZ /d "C:\WINDOWS\System32\SQLSRV32.DLL" /f
[2025-11-13T14:21:36.595Z] REG ADD: "C:\WINDOWS\SysWOW64\reg.exe" ADD "HKCU\SOFTWARE\ODBC\ODBC.INI\DataFlow" /v "Server" /t REG_SZ /d "localhost" /f
[2025-11-13T14:21:36.618Z] REG ADD: "C:\WINDOWS\SysWOW64\reg.exe" ADD "HKCU\SOFTWARE\ODBC\ODBC.INI\DataFlow" /v "Database" /t REG_SZ /d "manager" /f
[2025-11-13T14:21:36.641Z] REG ADD: "C:\WINDOWS\SysWOW64\reg.exe" ADD "HKCU\SOFTWARE\ODBC\ODBC.INI\DataFlow" /v "Trusted_Connection" /t REG_SZ /d "No" /f
[2025-11-13T14:21:36.664Z] REG ADD: "C:\WINDOWS\SysWOW64\reg.exe" ADD "HKCU\SOFTWARE\ODBC\ODBC.INI\DataFlow" /v "LastUser" /t REG_SZ /d "bejerman" /f
[2025-11-13T14:21:36.687Z] REG ADD: "C:\WINDOWS\SysWOW64\reg.exe" ADD "HKCU\SOFTWARE\ODBC\ODBC.INI\ODBC Data Sources" /v "DataFlow" /t REG_SZ /d "SQL Server" /f
[2025-11-13T14:21:36.710Z] REG: "C:\WINDOWS\System32\reg.exe" QUERY "HKCU\SOFTWARE\ODBC\ODBC.INI\DataFlow" /s
[2025-11-13T14:21:36.730Z] REG: "C:\WINDOWS\SysWOW64\reg.exe" QUERY "HKCU\SOFTWARE\ODBC\ODBC.INI\DataFlow" /s
[2025-11-13T14:21:36.752Z] DSN "DataFlow" OK (HKCU, DB=manager, Driver=SQL Server, Server=localhost).
[2025-11-13T14:21:37.368Z] ODBC fatal: push is not defined
[2025-11-13T14:21:51.315Z] REG: "C:\WINDOWS\System32\reg.exe" QUERY "HKLM\SOFTWARE\ODBC\ODBCINST.INI\ODBC Drivers" /s
[2025-11-13T14:21:51.337Z] REG: "C:\WINDOWS\System32\reg.exe" QUERY "HKLM\SOFTWARE\ODBC\ODBCINST.INI\ODBC Drivers" /s
[2025-11-13T14:21:51.357Z] REG: "C:\WINDOWS\SysWOW64\reg.exe" QUERY "HKLM\SOFTWARE\ODBC\ODBCINST.INI\ODBC Drivers" /s
[2025-11-13T14:21:51.381Z] REG: "C:\WINDOWS\System32\reg.exe" QUERY "HKCU\SOFTWARE\ODBC\ODBC.INI\DataFlow" /s
[2025-11-13T14:21:51.401Z] REG: "C:\WINDOWS\SysWOW64\reg.exe" QUERY "HKCU\SOFTWARE\ODBC\ODBC.INI\DataFlow" /s
[2025-11-13T14:21:51.422Z] REG: "C:\WINDOWS\System32\reg.exe" QUERY "HKLM\SOFTWARE\ODBC\ODBCINST.INI\SQL Server" /s
[2025-11-13T14:21:51.443Z] REG: "C:\WINDOWS\SysWOW64\reg.exe" QUERY "HKLM\SOFTWARE\ODBC\ODBCINST.INI\SQL Server" /s
[2025-11-13T14:21:51.464Z] REG ADD: "C:\WINDOWS\System32\reg.exe" ADD "HKCU\SOFTWARE\ODBC\ODBC.INI\DataFlow" /v "Driver" /t REG_SZ /d "C:\WINDOWS\System32\SQLSRV32.DLL" /f
[2025-11-13T14:21:51.483Z] REG ADD: "C:\WINDOWS\System32\reg.exe" ADD "HKCU\SOFTWARE\ODBC\ODBC.INI\DataFlow" /v "Server" /t REG_SZ /d "localhost" /f
[2025-11-13T14:21:51.501Z] REG ADD: "C:\WINDOWS\System32\reg.exe" ADD "HKCU\SOFTWARE\ODBC\ODBC.INI\DataFlow" /v "Database" /t REG_SZ /d "manager" /f
[2025-11-13T14:21:51.519Z] REG ADD: "C:\WINDOWS\System32\reg.exe" ADD "HKCU\SOFTWARE\ODBC\ODBC.INI\DataFlow" /v "Trusted_Connection" /t REG_SZ /d "No" /f
[2025-11-13T14:21:51.538Z] REG ADD: "C:\WINDOWS\System32\reg.exe" ADD "HKCU\SOFTWARE\ODBC\ODBC.INI\DataFlow" /v "LastUser" /t REG_SZ /d "bejerman" /f
[2025-11-13T14:21:51.558Z] REG ADD: "C:\WINDOWS\System32\reg.exe" ADD "HKCU\SOFTWARE\ODBC\ODBC.INI\ODBC Data Sources" /v "DataFlow" /t REG_SZ /d "SQL Server" /f
[2025-11-13T14:21:51.577Z] REG ADD: "C:\WINDOWS\SysWOW64\reg.exe" ADD "HKCU\SOFTWARE\ODBC\ODBC.INI\DataFlow" /v "Driver" /t REG_SZ /d "C:\WINDOWS\System32\SQLSRV32.DLL" /f
[2025-11-13T14:21:51.597Z] REG ADD: "C:\WINDOWS\SysWOW64\reg.exe" ADD "HKCU\SOFTWARE\ODBC\ODBC.INI\DataFlow" /v "Server" /t REG_SZ /d "localhost" /f
[2025-11-13T14:21:51.617Z] REG ADD: "C:\WINDOWS\SysWOW64\reg.exe" ADD "HKCU\SOFTWARE\ODBC\ODBC.INI\DataFlow" /v "Database" /t REG_SZ /d "manager" /f
[2025-11-13T14:21:51.638Z] REG ADD: "C:\WINDOWS\SysWOW64\reg.exe" ADD "HKCU\SOFTWARE\ODBC\ODBC.INI\DataFlow" /v "Trusted_Connection" /t REG_SZ /d "No" /f
[2025-11-13T14:21:51.658Z] REG ADD: "C:\WINDOWS\SysWOW64\reg.exe" ADD "HKCU\SOFTWARE\ODBC\ODBC.INI\DataFlow" /v "LastUser" /t REG_SZ /d "bejerman" /f
[2025-11-13T14:21:51.678Z] REG ADD: "C:\WINDOWS\SysWOW64\reg.exe" ADD "HKCU\SOFTWARE\ODBC\ODBC.INI\ODBC Data Sources" /v "DataFlow" /t REG_SZ /d "SQL Server" /f
[2025-11-13T14:21:51.698Z] REG: "C:\WINDOWS\System32\reg.exe" QUERY "HKCU\SOFTWARE\ODBC\ODBC.INI\DataFlow" /s
[2025-11-13T14:21:51.717Z] REG: "C:\WINDOWS\SysWOW64\reg.exe" QUERY "HKCU\SOFTWARE\ODBC\ODBC.INI\DataFlow" /s
[2025-11-13T14:21:51.738Z] DSN "DataFlow" OK (HKCU, DB=manager, Driver=SQL Server, Server=localhost).
[2025-11-13T14:21:51.783Z] ODBC fatal: push is not defined
[2025-11-13T14:22:04.964Z] REG: "C:\WINDOWS\System32\reg.exe" QUERY "HKLM\SOFTWARE\ODBC\ODBCINST.INI\ODBC Drivers" /s
[2025-11-13T14:22:04.988Z] REG: "C:\WINDOWS\System32\reg.exe" QUERY "HKLM\SOFTWARE\ODBC\ODBCINST.INI\ODBC Drivers" /s
[2025-11-13T14:22:05.007Z] REG: "C:\WINDOWS\SysWOW64\reg.exe" QUERY "HKLM\SOFTWARE\ODBC\ODBCINST.INI\ODBC Drivers" /s
[2025-11-13T14:22:05.032Z] REG: "C:\WINDOWS\System32\reg.exe" QUERY "HKCU\SOFTWARE\ODBC\ODBC.INI\DataFlow" /s
[2025-11-13T14:22:05.051Z] REG: "C:\WINDOWS\SysWOW64\reg.exe" QUERY "HKCU\SOFTWARE\ODBC\ODBC.INI\DataFlow" /s
[2025-11-13T14:22:05.072Z] REG: "C:\WINDOWS\System32\reg.exe" QUERY "HKLM\SOFTWARE\ODBC\ODBCINST.INI\SQL Server" /s
[2025-11-13T14:22:05.093Z] REG: "C:\WINDOWS\SysWOW64\reg.exe" QUERY "HKLM\SOFTWARE\ODBC\ODBCINST.INI\SQL Server" /s
[2025-11-13T14:22:05.115Z] REG ADD: "C:\WINDOWS\System32\reg.exe" ADD "HKCU\SOFTWARE\ODBC\ODBC.INI\DataFlow" /v "Driver" /t REG_SZ /d "C:\WINDOWS\System32\SQLSRV32.DLL" /f
[2025-11-13T14:22:05.134Z] REG ADD: "C:\WINDOWS\System32\reg.exe" ADD "HKCU\SOFTWARE\ODBC\ODBC.INI\DataFlow" /v "Server" /t REG_SZ /d "localhost" /f
[2025-11-13T14:22:05.153Z] REG ADD: "C:\WINDOWS\System32\reg.exe" ADD "HKCU\SOFTWARE\ODBC\ODBC.INI\DataFlow" /v "Database" /t REG_SZ /d "manager" /f
[2025-11-13T14:22:05.172Z] REG ADD: "C:\WINDOWS\System32\reg.exe" ADD "HKCU\SOFTWARE\ODBC\ODBC.INI\DataFlow" /v "Trusted_Connection" /t REG_SZ /d "No" /f
[2025-11-13T14:22:05.190Z] REG ADD: "C:\WINDOWS\System32\reg.exe" ADD "HKCU\SOFTWARE\ODBC\ODBC.INI\DataFlow" /v "LastUser" /t REG_SZ /d "bejerman" /f
[2025-11-13T14:22:05.209Z] REG ADD: "C:\WINDOWS\System32\reg.exe" ADD "HKCU\SOFTWARE\ODBC\ODBC.INI\ODBC Data Sources" /v "DataFlow" /t REG_SZ /d "SQL Server" /f
[2025-11-13T14:22:05.227Z] REG ADD: "C:\WINDOWS\SysWOW64\reg.exe" ADD "HKCU\SOFTWARE\ODBC\ODBC.INI\DataFlow" /v "Driver" /t REG_SZ /d "C:\WINDOWS\System32\SQLSRV32.DLL" /f
[2025-11-13T14:22:05.248Z] REG ADD: "C:\WINDOWS\SysWOW64\reg.exe" ADD "HKCU\SOFTWARE\ODBC\ODBC.INI\DataFlow" /v "Server" /t REG_SZ /d "localhost" /f
[2025-11-13T14:22:05.268Z] REG ADD: "C:\WINDOWS\SysWOW64\reg.exe" ADD "HKCU\SOFTWARE\ODBC\ODBC.INI\DataFlow" /v "Database" /t REG_SZ /d "manager" /f
[2025-11-13T14:22:05.289Z] REG ADD: "C:\WINDOWS\SysWOW64\reg.exe" ADD "HKCU\SOFTWARE\ODBC\ODBC.INI\DataFlow" /v "Trusted_Connection" /t REG_SZ /d "No" /f
[2025-11-13T14:22:05.311Z] REG ADD: "C:\WINDOWS\SysWOW64\reg.exe" ADD "HKCU\SOFTWARE\ODBC\ODBC.INI\DataFlow" /v "LastUser" /t REG_SZ /d "bejerman" /f
[2025-11-13T14:22:05.332Z] REG ADD: "C:\WINDOWS\SysWOW64\reg.exe" ADD "HKCU\SOFTWARE\ODBC\ODBC.INI\ODBC Data Sources" /v "DataFlow" /t REG_SZ /d "SQL Server" /f
[2025-11-13T14:22:05.352Z] REG: "C:\WINDOWS\System32\reg.exe" QUERY "HKCU\SOFTWARE\ODBC\ODBC.INI\DataFlow" /s
[2025-11-13T14:22:05.371Z] REG: "C:\WINDOWS\SysWOW64\reg.exe" QUERY "HKCU\SOFTWARE\ODBC\ODBC.INI\DataFlow" /s
[2025-11-13T14:22:05.392Z] DSN "DataFlow" OK (HKCU, DB=manager, Driver=SQL Server, Server=localhost).
[2025-11-13T14:22:05.438Z] ODBC fatal: push is not defined
[2025-11-13T14:22:16.183Z] REG: "C:\WINDOWS\System32\reg.exe" QUERY "HKLM\SOFTWARE\ODBC\ODBCINST.INI\ODBC Drivers" /s
[2025-11-13T14:22:16.207Z] REG: "C:\WINDOWS\System32\reg.exe" QUERY "HKLM\SOFTWARE\ODBC\ODBCINST.INI\ODBC Drivers" /s
[2025-11-13T14:22:16.229Z] REG: "C:\WINDOWS\SysWOW64\reg.exe" QUERY "HKLM\SOFTWARE\ODBC\ODBCINST.INI\ODBC Drivers" /s
[2025-11-13T14:22:16.254Z] REG: "C:\WINDOWS\System32\reg.exe" QUERY "HKCU\SOFTWARE\ODBC\ODBC.INI\DataFlow" /s
[2025-11-13T14:22:16.277Z] REG: "C:\WINDOWS\SysWOW64\reg.exe" QUERY "HKCU\SOFTWARE\ODBC\ODBC.INI\DataFlow" /s
[2025-11-13T14:22:16.301Z] REG: "C:\WINDOWS\System32\reg.exe" QUERY "HKLM\SOFTWARE\ODBC\ODBCINST.INI\SQL Server" /s
[2025-11-13T14:22:16.324Z] REG: "C:\WINDOWS\SysWOW64\reg.exe" QUERY "HKLM\SOFTWARE\ODBC\ODBCINST.INI\SQL Server" /s
[2025-11-13T14:22:16.350Z] REG ADD: "C:\WINDOWS\System32\reg.exe" ADD "HKCU\SOFTWARE\ODBC\ODBC.INI\DataFlow" /v "Driver" /t REG_SZ /d "C:\WINDOWS\System32\SQLSRV32.DLL" /f
[2025-11-13T14:22:16.371Z] REG ADD: "C:\WINDOWS\System32\reg.exe" ADD "HKCU\SOFTWARE\ODBC\ODBC.INI\DataFlow" /v "Server" /t REG_SZ /d "localhost" /f
[2025-11-13T14:22:16.393Z] REG ADD: "C:\WINDOWS\System32\reg.exe" ADD "HKCU\SOFTWARE\ODBC\ODBC.INI\DataFlow" /v "Database" /t REG_SZ /d "manager" /f
[2025-11-13T14:22:16.415Z] REG ADD: "C:\WINDOWS\System32\reg.exe" ADD "HKCU\SOFTWARE\ODBC\ODBC.INI\DataFlow" /v "Trusted_Connection" /t REG_SZ /d "No" /f
[2025-11-13T14:22:16.437Z] REG ADD: "C:\WINDOWS\System32\reg.exe" ADD "HKCU\SOFTWARE\ODBC\ODBC.INI\DataFlow" /v "LastUser" /t REG_SZ /d "bejerman" /f
[2025-11-13T14:22:16.459Z] REG ADD: "C:\WINDOWS\System32\reg.exe" ADD "HKCU\SOFTWARE\ODBC\ODBC.INI\ODBC Data Sources" /v "DataFlow" /t REG_SZ /d "SQL Server" /f
[2025-11-13T14:22:16.480Z] REG ADD: "C:\WINDOWS\SysWOW64\reg.exe" ADD "HKCU\SOFTWARE\ODBC\ODBC.INI\DataFlow" /v "Driver" /t REG_SZ /d "C:\WINDOWS\System32\SQLSRV32.DLL" /f
[2025-11-13T14:22:16.503Z] REG ADD: "C:\WINDOWS\SysWOW64\reg.exe" ADD "HKCU\SOFTWARE\ODBC\ODBC.INI\DataFlow" /v "Server" /t REG_SZ /d "localhost" /f
[2025-11-13T14:22:16.525Z] REG ADD: "C:\WINDOWS\SysWOW64\reg.exe" ADD "HKCU\SOFTWARE\ODBC\ODBC.INI\DataFlow" /v "Database" /t REG_SZ /d "manager" /f
[2025-11-13T14:22:16.548Z] REG ADD: "C:\WINDOWS\SysWOW64\reg.exe" ADD "HKCU\SOFTWARE\ODBC\ODBC.INI\DataFlow" /v "Trusted_Connection" /t REG_SZ /d "No" /f
[2025-11-13T14:22:16.571Z] REG ADD: "C:\WINDOWS\SysWOW64\reg.exe" ADD "HKCU\SOFTWARE\ODBC\ODBC.INI\DataFlow" /v "LastUser" /t REG_SZ /d "bejerman" /f
[2025-11-13T14:22:16.594Z] REG ADD: "C:\WINDOWS\SysWOW64\reg.exe" ADD "HKCU\SOFTWARE\ODBC\ODBC.INI\ODBC Data Sources" /v "DataFlow" /t REG_SZ /d "SQL Server" /f
[2025-11-13T14:22:16.617Z] REG: "C:\WINDOWS\System32\reg.exe" QUERY "HKCU\SOFTWARE\ODBC\ODBC.INI\DataFlow" /s
[2025-11-13T14:22:16.637Z] REG: "C:\WINDOWS\SysWOW64\reg.exe" QUERY "HKCU\SOFTWARE\ODBC\ODBC.INI\DataFlow" /s
[2025-11-13T14:22:16.659Z] DSN "DataFlow" OK (HKCU, DB=manager, Driver=SQL Server, Server=localhost).
[2025-11-13T14:22:16.742Z] ODBC fatal: push is not defined
[2025-11-13T14:26:03.471Z] REG: "C:\WINDOWS\System32\reg.exe" QUERY "HKLM\SOFTWARE\ODBC\ODBCINST.INI\ODBC Drivers" /s
[2025-11-13T14:26:03.497Z] REG: "C:\WINDOWS\System32\reg.exe" QUERY "HKLM\SOFTWARE\ODBC\ODBCINST.INI\ODBC Drivers" /s
[2025-11-13T14:26:03.518Z] REG: "C:\WINDOWS\SysWOW64\reg.exe" QUERY "HKLM\SOFTWARE\ODBC\ODBCINST.INI\ODBC Drivers" /s
[2025-11-13T14:26:03.542Z] REG: "C:\WINDOWS\System32\reg.exe" QUERY "HKCU\SOFTWARE\ODBC\ODBC.INI\DataFlow" /s
[2025-11-13T14:26:03.561Z] REG: "C:\WINDOWS\SysWOW64\reg.exe" QUERY "HKCU\SOFTWARE\ODBC\ODBC.INI\DataFlow" /s
[2025-11-13T14:26:03.582Z] REG: "C:\WINDOWS\System32\reg.exe" QUERY "HKLM\SOFTWARE\ODBC\ODBCINST.INI\SQL Server" /s
[2025-11-13T14:26:03.602Z] REG: "C:\WINDOWS\SysWOW64\reg.exe" QUERY "HKLM\SOFTWARE\ODBC\ODBCINST.INI\SQL Server" /s
[2025-11-13T14:26:03.624Z] REG ADD: "C:\WINDOWS\System32\reg.exe" ADD "HKCU\SOFTWARE\ODBC\ODBC.INI\DataFlow" /v "Driver" /t REG_SZ /d "C:\WINDOWS\System32\SQLSRV32.DLL" /f
[2025-11-13T14:26:03.643Z] REG ADD: "C:\WINDOWS\System32\reg.exe" ADD "HKCU\SOFTWARE\ODBC\ODBC.INI\DataFlow" /v "Server" /t REG_SZ /d "localhost" /f
[2025-11-13T14:26:03.661Z] REG ADD: "C:\WINDOWS\System32\reg.exe" ADD "HKCU\SOFTWARE\ODBC\ODBC.INI\DataFlow" /v "Database" /t REG_SZ /d "manager" /f
[2025-11-13T14:26:03.680Z] REG ADD: "C:\WINDOWS\System32\reg.exe" ADD "HKCU\SOFTWARE\ODBC\ODBC.INI\DataFlow" /v "Trusted_Connection" /t REG_SZ /d "No" /f
[2025-11-13T14:26:03.698Z] REG ADD: "C:\WINDOWS\System32\reg.exe" ADD "HKCU\SOFTWARE\ODBC\ODBC.INI\DataFlow" /v "LastUser" /t REG_SZ /d "bejerman" /f
[2025-11-13T14:26:03.716Z] REG ADD: "C:\WINDOWS\System32\reg.exe" ADD "HKCU\SOFTWARE\ODBC\ODBC.INI\ODBC Data Sources" /v "DataFlow" /t REG_SZ /d "SQL Server" /f
[2025-11-13T14:26:03.736Z] REG ADD: "C:\WINDOWS\SysWOW64\reg.exe" ADD "HKCU\SOFTWARE\ODBC\ODBC.INI\DataFlow" /v "Driver" /t REG_SZ /d "C:\WINDOWS\System32\SQLSRV32.DLL" /f
[2025-11-13T14:26:03.756Z] REG ADD: "C:\WINDOWS\SysWOW64\reg.exe" ADD "HKCU\SOFTWARE\ODBC\ODBC.INI\DataFlow" /v "Server" /t REG_SZ /d "localhost" /f
[2025-11-13T14:26:03.776Z] REG ADD: "C:\WINDOWS\SysWOW64\reg.exe" ADD "HKCU\SOFTWARE\ODBC\ODBC.INI\DataFlow" /v "Database" /t REG_SZ /d "manager" /f
[2025-11-13T14:26:03.796Z] REG ADD: "C:\WINDOWS\SysWOW64\reg.exe" ADD "HKCU\SOFTWARE\ODBC\ODBC.INI\DataFlow" /v "Trusted_Connection" /t REG_SZ /d "No" /f
[2025-11-13T14:26:03.816Z] REG ADD: "C:\WINDOWS\SysWOW64\reg.exe" ADD "HKCU\SOFTWARE\ODBC\ODBC.INI\DataFlow" /v "LastUser" /t REG_SZ /d "bejerman" /f
[2025-11-13T14:26:03.837Z] REG ADD: "C:\WINDOWS\SysWOW64\reg.exe" ADD "HKCU\SOFTWARE\ODBC\ODBC.INI\ODBC Data Sources" /v "DataFlow" /t REG_SZ /d "SQL Server" /f
[2025-11-13T14:26:03.858Z] REG: "C:\WINDOWS\System32\reg.exe" QUERY "HKCU\SOFTWARE\ODBC\ODBC.INI\DataFlow" /s
[2025-11-13T14:26:03.879Z] REG: "C:\WINDOWS\SysWOW64\reg.exe" QUERY "HKCU\SOFTWARE\ODBC\ODBC.INI\DataFlow" /s
[2025-11-13T14:26:03.901Z] DSN "DataFlow" OK (HKCU, DB=manager, Driver=SQL Server, Server=localhost).
[2025-11-13T14:26:03.950Z] ODBC fatal: push is not defined
[2025-11-13T14:26:54.240Z] REG: "C:\WINDOWS\System32\reg.exe" QUERY "HKLM\SOFTWARE\ODBC\ODBCINST.INI\ODBC Drivers" /s
[2025-11-13T14:26:54.265Z] REG: "C:\WINDOWS\System32\reg.exe" QUERY "HKLM\SOFTWARE\ODBC\ODBCINST.INI\ODBC Drivers" /s
[2025-11-13T14:26:54.285Z] REG: "C:\WINDOWS\SysWOW64\reg.exe" QUERY "HKLM\SOFTWARE\ODBC\ODBCINST.INI\ODBC Drivers" /s
[2025-11-13T14:26:54.308Z] REG: "C:\WINDOWS\System32\reg.exe" QUERY "HKCU\SOFTWARE\ODBC\ODBC.INI\DataFlow" /s
[2025-11-13T14:26:54.327Z] REG: "C:\WINDOWS\SysWOW64\reg.exe" QUERY "HKCU\SOFTWARE\ODBC\ODBC.INI\DataFlow" /s
[2025-11-13T14:26:54.347Z] REG: "C:\WINDOWS\System32\reg.exe" QUERY "HKLM\SOFTWARE\ODBC\ODBCINST.INI\SQL Server" /s
[2025-11-13T14:26:54.368Z] REG: "C:\WINDOWS\SysWOW64\reg.exe" QUERY "HKLM\SOFTWARE\ODBC\ODBCINST.INI\SQL Server" /s
[2025-11-13T14:26:54.390Z] REG ADD: "C:\WINDOWS\System32\reg.exe" ADD "HKCU\SOFTWARE\ODBC\ODBC.INI\DataFlow" /v "Driver" /t REG_SZ /d "C:\WINDOWS\System32\SQLSRV32.DLL" /f
[2025-11-13T14:26:54.409Z] REG ADD: "C:\WINDOWS\System32\reg.exe" ADD "HKCU\SOFTWARE\ODBC\ODBC.INI\DataFlow" /v "Server" /t REG_SZ /d "DESKTOP-1680RVS\SQLEXPRESS" /f
[2025-11-13T14:26:54.430Z] REG ADD: "C:\WINDOWS\System32\reg.exe" ADD "HKCU\SOFTWARE\ODBC\ODBC.INI\DataFlow" /v "Database" /t REG_SZ /d "manager" /f
[2025-11-13T14:26:54.449Z] REG ADD: "C:\WINDOWS\System32\reg.exe" ADD "HKCU\SOFTWARE\ODBC\ODBC.INI\DataFlow" /v "Trusted_Connection" /t REG_SZ /d "No" /f
[2025-11-13T14:26:54.468Z] REG ADD: "C:\WINDOWS\System32\reg.exe" ADD "HKCU\SOFTWARE\ODBC\ODBC.INI\DataFlow" /v "LastUser" /t REG_SZ /d "bejerman" /f
[2025-11-13T14:26:54.487Z] REG ADD: "C:\WINDOWS\System32\reg.exe" ADD "HKCU\SOFTWARE\ODBC\ODBC.INI\ODBC Data Sources" /v "DataFlow" /t REG_SZ /d "SQL Server" /f
[2025-11-13T14:26:54.506Z] REG ADD: "C:\WINDOWS\SysWOW64\reg.exe" ADD "HKCU\SOFTWARE\ODBC\ODBC.INI\DataFlow" /v "Driver" /t REG_SZ /d "C:\WINDOWS\System32\SQLSRV32.DLL" /f
[2025-11-13T14:26:54.526Z] REG ADD: "C:\WINDOWS\SysWOW64\reg.exe" ADD "HKCU\SOFTWARE\ODBC\ODBC.INI\DataFlow" /v "Server" /t REG_SZ /d "DESKTOP-1680RVS\SQLEXPRESS" /f
[2025-11-13T14:26:54.549Z] REG ADD: "C:\WINDOWS\SysWOW64\reg.exe" ADD "HKCU\SOFTWARE\ODBC\ODBC.INI\DataFlow" /v "Database" /t REG_SZ /d "manager" /f
[2025-11-13T14:26:54.569Z] REG ADD: "C:\WINDOWS\SysWOW64\reg.exe" ADD "HKCU\SOFTWARE\ODBC\ODBC.INI\DataFlow" /v "Trusted_Connection" /t REG_SZ /d "No" /f
[2025-11-13T14:26:54.589Z] REG ADD: "C:\WINDOWS\SysWOW64\reg.exe" ADD "HKCU\SOFTWARE\ODBC\ODBC.INI\DataFlow" /v "LastUser" /t REG_SZ /d "bejerman" /f
[2025-11-13T14:26:54.610Z] REG ADD: "C:\WINDOWS\SysWOW64\reg.exe" ADD "HKCU\SOFTWARE\ODBC\ODBC.INI\ODBC Data Sources" /v "DataFlow" /t REG_SZ /d "SQL Server" /f
[2025-11-13T14:26:54.630Z] REG: "C:\WINDOWS\System32\reg.exe" QUERY "HKCU\SOFTWARE\ODBC\ODBC.INI\DataFlow" /s
[2025-11-13T14:26:54.650Z] REG: "C:\WINDOWS\SysWOW64\reg.exe" QUERY "HKCU\SOFTWARE\ODBC\ODBC.INI\DataFlow" /s
[2025-11-13T14:26:54.671Z] DSN "DataFlow" OK (HKCU, DB=manager, Driver=SQL Server, Server=DESKTOP-1680RVS\SQLEXPRESS).
[2025-11-13T14:26:54.717Z] ODBC fatal: push is not defined
[2025-11-13T14:33:58.134Z] REG: "C:\WINDOWS\System32\reg.exe" QUERY "HKLM\SOFTWARE\ODBC\ODBCINST.INI\ODBC Drivers" /s
[2025-11-13T14:33:58.160Z] REG: "C:\WINDOWS\System32\reg.exe" QUERY "HKLM\SOFTWARE\ODBC\ODBCINST.INI\ODBC Drivers" /s
[2025-11-13T14:33:58.180Z] REG: "C:\WINDOWS\SysWOW64\reg.exe" QUERY "HKLM\SOFTWARE\ODBC\ODBCINST.INI\ODBC Drivers" /s
[2025-11-13T14:33:58.206Z] REG: "C:\WINDOWS\System32\reg.exe" QUERY "HKCU\SOFTWARE\ODBC\ODBC.INI\DataFlow" /s
[2025-11-13T14:33:58.228Z] REG: "C:\WINDOWS\SysWOW64\reg.exe" QUERY "HKCU\SOFTWARE\ODBC\ODBC.INI\DataFlow" /s
[2025-11-13T14:33:58.252Z] REG: "C:\WINDOWS\System32\reg.exe" QUERY "HKLM\SOFTWARE\ODBC\ODBCINST.INI\SQL Server" /s
[2025-11-13T14:33:58.275Z] REG: "C:\WINDOWS\SysWOW64\reg.exe" QUERY "HKLM\SOFTWARE\ODBC\ODBCINST.INI\SQL Server" /s
[2025-11-13T14:33:58.300Z] REG ADD: "C:\WINDOWS\System32\reg.exe" ADD "HKCU\SOFTWARE\ODBC\ODBC.INI\DataFlow" /v "Driver" /t REG_SZ /d "C:\WINDOWS\System32\SQLSRV32.DLL" /f
[2025-11-13T14:33:58.322Z] REG ADD: "C:\WINDOWS\System32\reg.exe" ADD "HKCU\SOFTWARE\ODBC\ODBC.INI\DataFlow" /v "Server" /t REG_SZ /d "DESKTOP-1680RVS\SQLEXPRESS" /f
[2025-11-13T14:33:58.344Z] REG ADD: "C:\WINDOWS\System32\reg.exe" ADD "HKCU\SOFTWARE\ODBC\ODBC.INI\DataFlow" /v "Database" /t REG_SZ /d "manager" /f
[2025-11-13T14:33:58.364Z] REG ADD: "C:\WINDOWS\System32\reg.exe" ADD "HKCU\SOFTWARE\ODBC\ODBC.INI\DataFlow" /v "Trusted_Connection" /t REG_SZ /d "No" /f
[2025-11-13T14:33:58.386Z] REG ADD: "C:\WINDOWS\System32\reg.exe" ADD "HKCU\SOFTWARE\ODBC\ODBC.INI\DataFlow" /v "LastUser" /t REG_SZ /d "bejerman" /f
[2025-11-13T14:33:58.408Z] REG ADD: "C:\WINDOWS\System32\reg.exe" ADD "HKCU\SOFTWARE\ODBC\ODBC.INI\ODBC Data Sources" /v "DataFlow" /t REG_SZ /d "SQL Server" /f
[2025-11-13T14:33:58.430Z] REG ADD: "C:\WINDOWS\SysWOW64\reg.exe" ADD "HKCU\SOFTWARE\ODBC\ODBC.INI\DataFlow" /v "Driver" /t REG_SZ /d "C:\WINDOWS\System32\SQLSRV32.DLL" /f
[2025-11-13T14:33:58.453Z] REG ADD: "C:\WINDOWS\SysWOW64\reg.exe" ADD "HKCU\SOFTWARE\ODBC\ODBC.INI\DataFlow" /v "Server" /t REG_SZ /d "DESKTOP-1680RVS\SQLEXPRESS" /f
[2025-11-13T14:33:58.476Z] REG ADD: "C:\WINDOWS\SysWOW64\reg.exe" ADD "HKCU\SOFTWARE\ODBC\ODBC.INI\DataFlow" /v "Database" /t REG_SZ /d "manager" /f
[2025-11-13T14:33:58.498Z] REG ADD: "C:\WINDOWS\SysWOW64\reg.exe" ADD "HKCU\SOFTWARE\ODBC\ODBC.INI\DataFlow" /v "Trusted_Connection" /t REG_SZ /d "No" /f
[2025-11-13T14:33:58.521Z] REG ADD: "C:\WINDOWS\SysWOW64\reg.exe" ADD "HKCU\SOFTWARE\ODBC\ODBC.INI\DataFlow" /v "LastUser" /t REG_SZ /d "bejerman" /f
[2025-11-13T14:33:58.545Z] REG ADD: "C:\WINDOWS\SysWOW64\reg.exe" ADD "HKCU\SOFTWARE\ODBC\ODBC.INI\ODBC Data Sources" /v "DataFlow" /t REG_SZ /d "SQL Server" /f
[2025-11-13T14:33:58.568Z] REG: "C:\WINDOWS\System32\reg.exe" QUERY "HKCU\SOFTWARE\ODBC\ODBC.INI\DataFlow" /s
[2025-11-13T14:33:58.587Z] REG: "C:\WINDOWS\SysWOW64\reg.exe" QUERY "HKCU\SOFTWARE\ODBC\ODBC.INI\DataFlow" /s
[2025-11-13T14:33:58.611Z] DSN "DataFlow" OK (HKCU, DB=manager, Driver=SQL Server, Server=DESKTOP-1680RVS\SQLEXPRESS).
[2025-11-13T14:33:58.701Z] ODBC fatal: push is not defined
[2025-11-13T14:34:04.111Z] REG: "C:\WINDOWS\System32\reg.exe" QUERY "HKLM\SOFTWARE\ODBC\ODBCINST.INI\ODBC Drivers" /s
[2025-11-13T14:34:04.133Z] REG: "C:\WINDOWS\System32\reg.exe" QUERY "HKLM\SOFTWARE\ODBC\ODBCINST.INI\ODBC Drivers" /s
[2025-11-13T14:34:04.153Z] REG: "C:\WINDOWS\SysWOW64\reg.exe" QUERY "HKLM\SOFTWARE\ODBC\ODBCINST.INI\ODBC Drivers" /s
[2025-11-13T14:34:04.177Z] REG: "C:\WINDOWS\System32\reg.exe" QUERY "HKCU\SOFTWARE\ODBC\ODBC.INI\DataFlow" /s
[2025-11-13T14:34:04.197Z] REG: "C:\WINDOWS\SysWOW64\reg.exe" QUERY "HKCU\SOFTWARE\ODBC\ODBC.INI\DataFlow" /s
[2025-11-13T14:34:04.219Z] REG: "C:\WINDOWS\System32\reg.exe" QUERY "HKLM\SOFTWARE\ODBC\ODBCINST.INI\SQL Server" /s
[2025-11-13T14:34:04.239Z] REG: "C:\WINDOWS\SysWOW64\reg.exe" QUERY "HKLM\SOFTWARE\ODBC\ODBCINST.INI\SQL Server" /s
[2025-11-13T14:34:04.262Z] REG ADD: "C:\WINDOWS\System32\reg.exe" ADD "HKCU\SOFTWARE\ODBC\ODBC.INI\DataFlow" /v "Driver" /t REG_SZ /d "C:\WINDOWS\System32\SQLSRV32.DLL" /f
[2025-11-13T14:34:04.281Z] REG ADD: "C:\WINDOWS\System32\reg.exe" ADD "HKCU\SOFTWARE\ODBC\ODBC.INI\DataFlow" /v "Server" /t REG_SZ /d "DESKTOP-1680RVS\SQLEXPRESS" /f
[2025-11-13T14:34:04.300Z] REG ADD: "C:\WINDOWS\System32\reg.exe" ADD "HKCU\SOFTWARE\ODBC\ODBC.INI\DataFlow" /v "Database" /t REG_SZ /d "manager" /f
[2025-11-13T14:34:04.319Z] REG ADD: "C:\WINDOWS\System32\reg.exe" ADD "HKCU\SOFTWARE\ODBC\ODBC.INI\DataFlow" /v "Trusted_Connection" /t REG_SZ /d "No" /f
[2025-11-13T14:34:04.338Z] REG ADD: "C:\WINDOWS\System32\reg.exe" ADD "HKCU\SOFTWARE\ODBC\ODBC.INI\DataFlow" /v "LastUser" /t REG_SZ /d "bejerman" /f
[2025-11-13T14:34:04.358Z] REG ADD: "C:\WINDOWS\System32\reg.exe" ADD "HKCU\SOFTWARE\ODBC\ODBC.INI\ODBC Data Sources" /v "DataFlow" /t REG_SZ /d "SQL Server" /f
[2025-11-13T14:34:04.376Z] REG ADD: "C:\WINDOWS\SysWOW64\reg.exe" ADD "HKCU\SOFTWARE\ODBC\ODBC.INI\DataFlow" /v "Driver" /t REG_SZ /d "C:\WINDOWS\System32\SQLSRV32.DLL" /f
[2025-11-13T14:34:04.397Z] REG ADD: "C:\WINDOWS\SysWOW64\reg.exe" ADD "HKCU\SOFTWARE\ODBC\ODBC.INI\DataFlow" /v "Server" /t REG_SZ /d "DESKTOP-1680RVS\SQLEXPRESS" /f
[2025-11-13T14:34:04.418Z] REG ADD: "C:\WINDOWS\SysWOW64\reg.exe" ADD "HKCU\SOFTWARE\ODBC\ODBC.INI\DataFlow" /v "Database" /t REG_SZ /d "manager" /f
[2025-11-13T14:34:04.440Z] REG ADD: "C:\WINDOWS\SysWOW64\reg.exe" ADD "HKCU\SOFTWARE\ODBC\ODBC.INI\DataFlow" /v "Trusted_Connection" /t REG_SZ /d "No" /f
[2025-11-13T14:34:04.462Z] REG ADD: "C:\WINDOWS\SysWOW64\reg.exe" ADD "HKCU\SOFTWARE\ODBC\ODBC.INI\DataFlow" /v "LastUser" /t REG_SZ /d "bejerman" /f
[2025-11-13T14:34:04.485Z] REG ADD: "C:\WINDOWS\SysWOW64\reg.exe" ADD "HKCU\SOFTWARE\ODBC\ODBC.INI\ODBC Data Sources" /v "DataFlow" /t REG_SZ /d "SQL Server" /f
[2025-11-13T14:34:04.507Z] REG: "C:\WINDOWS\System32\reg.exe" QUERY "HKCU\SOFTWARE\ODBC\ODBC.INI\DataFlow" /s
[2025-11-13T14:34:04.529Z] REG: "C:\WINDOWS\SysWOW64\reg.exe" QUERY "HKCU\SOFTWARE\ODBC\ODBC.INI\DataFlow" /s
[2025-11-13T14:34:04.554Z] DSN "DataFlow" OK (HKCU, DB=manager, Driver=SQL Server, Server=DESKTOP-1680RVS\SQLEXPRESS).
[2025-11-13T14:34:04.603Z] ODBC fatal: push is not defined
[2025-11-13T14:38:58.383Z] REG OK: HKLM\SOFTWARE\ODBC\ODBCINST.INI\ODBC Drivers
[2025-11-13T14:38:58.395Z] REG OK: HKLM\SOFTWARE\ODBC\ODBCINST.INI\ODBC Drivers
[2025-11-13T14:38:58.414Z] REG OK: HKLM\SOFTWARE\ODBC\ODBCINST.INI\ODBC Drivers
[2025-11-13T14:38:58.429Z] REG OK: HKCU\SOFTWARE\ODBC\ODBC.INI\DataFlow
[2025-11-13T14:38:58.444Z] REG OK: HKCU\SOFTWARE\ODBC\ODBC.INI\DataFlow
[2025-11-13T14:38:58.460Z] REG OK: HKLM\SOFTWARE\ODBC\ODBCINST.INI\SQL Server
[2025-11-13T14:38:58.476Z] REG OK: HKLM\SOFTWARE\ODBC\ODBCINST.INI\SQL Server
[2025-11-13T14:44:09.252Z] REG OK: HKLM\SOFTWARE\ODBC\ODBCINST.INI\ODBC Drivers
[2025-11-13T14:44:09.266Z] REG OK: HKLM\SOFTWARE\ODBC\ODBCINST.INI\ODBC Drivers
[2025-11-13T14:44:09.285Z] REG OK: HKLM\SOFTWARE\ODBC\ODBCINST.INI\ODBC Drivers
[2025-11-13T14:44:09.299Z] REG OK: HKCU\SOFTWARE\ODBC\ODBC.INI\DataFlow
[2025-11-13T14:44:09.314Z] REG OK: HKCU\SOFTWARE\ODBC\ODBC.INI\DataFlow
[2025-11-13T14:44:09.315Z] DSN "DataFlow" ya existe; se reutiliza sin recrearlo.
[2025-11-13T14:44:09.419Z] ODBC fatal: push is not defined
[2025-11-13T14:44:45.513Z] REG OK: HKLM\SOFTWARE\ODBC\ODBCINST.INI\ODBC Drivers
[2025-11-13T14:44:45.526Z] REG OK: HKLM\SOFTWARE\ODBC\ODBCINST.INI\ODBC Drivers
[2025-11-13T14:44:45.544Z] REG OK: HKLM\SOFTWARE\ODBC\ODBCINST.INI\ODBC Drivers
[2025-11-13T14:44:45.559Z] REG OK: HKCU\SOFTWARE\ODBC\ODBC.INI\DataFlow
[2025-11-13T14:44:45.574Z] REG OK: HKCU\SOFTWARE\ODBC\ODBC.INI\DataFlow
[2025-11-13T14:44:45.575Z] DSN "DataFlow" ya existe; se reutiliza sin recrearlo.
[2025-11-13T14:44:45.671Z] ODBC fatal: push is not defined
[2025-11-13T15:10:04.998Z] saveServerForOdbc: server=DESKTOP-1680RVS\SQLEXPRESS
[2025-11-13T15:10:05.016Z] REG OK: HKLM\SOFTWARE\ODBC\ODBCINST.INI\ODBC Drivers
[2025-11-13T15:10:05.030Z] REG OK: HKLM\SOFTWARE\ODBC\ODBCINST.INI\ODBC Drivers
[2025-11-13T15:10:05.048Z] REG OK: HKLM\SOFTWARE\ODBC\ODBCINST.INI\ODBC Drivers
[2025-11-13T15:10:05.063Z] REG OK: HKCU\SOFTWARE\ODBC\ODBC.INI\DataFlow
[2025-11-13T15:10:05.078Z] REG OK: HKCU\SOFTWARE\ODBC\ODBC.INI\DataFlow
[2025-11-13T15:10:05.079Z] DSN "DataFlow" ya existe; se reutiliza sin recrearlo.
[2025-11-13T15:10:20.186Z] Error verificando manager: Failed to connect to DESKTOP-1680RVS\SQLEXPRESS in 15000ms
[2025-11-13T15:10:45.989Z] saveServerForOdbc: server=DESKTOP-1680RVS\SQLEXPRESS
[2025-11-13T15:10:46.006Z] REG OK: HKLM\SOFTWARE\ODBC\ODBCINST.INI\ODBC Drivers
[2025-11-13T15:10:46.019Z] REG OK: HKLM\SOFTWARE\ODBC\ODBCINST.INI\ODBC Drivers
[2025-11-13T15:10:46.035Z] REG OK: HKLM\SOFTWARE\ODBC\ODBCINST.INI\ODBC Drivers
[2025-11-13T15:10:46.047Z] REG OK: HKCU\SOFTWARE\ODBC\ODBC.INI\DataFlow
[2025-11-13T15:10:46.061Z] REG OK: HKCU\SOFTWARE\ODBC\ODBC.INI\DataFlow
[2025-11-13T15:10:46.061Z] DSN "DataFlow" ya existe; se reutiliza sin recrearlo.
[2025-11-13T15:11:01.112Z] Error verificando manager: Failed to connect to DESKTOP-1680RVS\SQLEXPRESS in 15000ms
[2025-11-13T15:22:51.165Z] saveServerForOdbc: server=DESKTOP-1680RVS\SQLEXPRESS
[2025-11-13T15:22:51.182Z] REG OK: HKLM\SOFTWARE\ODBC\ODBCINST.INI\ODBC Drivers
[2025-11-13T15:22:51.195Z] REG OK: HKLM\SOFTWARE\ODBC\ODBCINST.INI\ODBC Drivers
[2025-11-13T15:22:51.213Z] REG OK: HKLM\SOFTWARE\ODBC\ODBCINST.INI\ODBC Drivers
[2025-11-13T15:22:51.228Z] REG OK: HKCU\SOFTWARE\ODBC\ODBC.INI\DataFlow
[2025-11-13T15:22:51.244Z] REG OK: HKCU\SOFTWARE\ODBC\ODBC.INI\DataFlow
[2025-11-13T15:22:51.244Z] DSN "DataFlow" ya existe; se reutiliza sin recrearlo.
[2025-11-13T15:25:57.396Z] saveServerForOdbc: server=DESKTOP-1680RVS\SQLEXPRESS
[2025-11-13T15:25:57.412Z] REG OK: HKLM\SOFTWARE\ODBC\ODBCINST.INI\ODBC Drivers
[2025-11-13T15:25:57.426Z] REG OK: HKLM\SOFTWARE\ODBC\ODBCINST.INI\ODBC Drivers
[2025-11-13T15:25:57.444Z] REG OK: HKLM\SOFTWARE\ODBC\ODBCINST.INI\ODBC Drivers
[2025-11-13T15:25:57.459Z] REG OK: HKCU\SOFTWARE\ODBC\ODBC.INI\DataFlow
[2025-11-13T15:25:57.475Z] REG OK: HKCU\SOFTWARE\ODBC\ODBC.INI\DataFlow
[2025-11-13T15:25:57.475Z] DSN "DataFlow" ya existe; se reutiliza sin recrearlo.
[2025-11-13T15:26:01.543Z] saveServerForOdbc: server=DESKTOP-1680RVS\SQLEXPRESS
[2025-11-13T15:26:01.560Z] REG OK: HKLM\SOFTWARE\ODBC\ODBCINST.INI\ODBC Drivers
[2025-11-13T15:26:01.573Z] REG OK: HKLM\SOFTWARE\ODBC\ODBCINST.INI\ODBC Drivers
[2025-11-13T15:26:01.589Z] REG OK: HKLM\SOFTWARE\ODBC\ODBCINST.INI\ODBC Drivers
[2025-11-13T15:26:01.602Z] REG OK: HKCU\SOFTWARE\ODBC\ODBC.INI\DataFlow
[2025-11-13T15:26:01.617Z] REG OK: HKCU\SOFTWARE\ODBC\ODBC.INI\DataFlow
[2025-11-13T15:26:01.617Z] DSN "DataFlow" ya existe; se reutiliza sin recrearlo.
[2025-11-13T15:26:19.954Z] saveServerForOdbc: server=DESKTOP-1680RVS\SQLEXPRESS
[2025-11-13T15:26:19.972Z] REG OK: HKLM\SOFTWARE\ODBC\ODBCINST.INI\ODBC Drivers
[2025-11-13T15:26:19.986Z] REG OK: HKLM\SOFTWARE\ODBC\ODBCINST.INI\ODBC Drivers
[2025-11-13T15:26:20.004Z] REG OK: HKLM\SOFTWARE\ODBC\ODBCINST.INI\ODBC Drivers
[2025-11-13T15:26:20.018Z] REG OK: HKCU\SOFTWARE\ODBC\ODBC.INI\DataFlow
[2025-11-13T15:26:20.034Z] REG OK: HKCU\SOFTWARE\ODBC\ODBC.INI\DataFlow
[2025-11-13T15:26:20.035Z] DSN "DataFlow" ya existe; se reutiliza sin recrearlo.
[2025-11-13T15:36:57.897Z] saveServerForOdbc: server=DESKTOP-1680RVS\SQLEXPRESS
[2025-11-13T15:36:57.918Z] REG OK: HKLM\SOFTWARE\ODBC\ODBCINST.INI\ODBC Drivers
[2025-11-13T15:36:57.931Z] REG OK: HKLM\SOFTWARE\ODBC\ODBCINST.INI\ODBC Drivers
[2025-11-13T15:36:57.950Z] REG OK: HKLM\SOFTWARE\ODBC\ODBCINST.INI\ODBC Drivers
[2025-11-13T15:36:57.964Z] REG OK: HKCU\SOFTWARE\ODBC\ODBC.INI\DataFlow
[2025-11-13T15:36:57.980Z] REG OK: HKCU\SOFTWARE\ODBC\ODBC.INI\DataFlow
[2025-11-13T15:36:57.980Z] DSN "DataFlow" ya existe; se reutiliza sin recrearlo.
[2025-11-13T15:39:46.941Z] saveServerForOdbc: server=DESKTOP-1680RVS\SQLEXPRESS
[2025-11-13T15:39:46.959Z] REG OK: HKLM\SOFTWARE\ODBC\ODBCINST.INI\ODBC Drivers
[2025-11-13T15:39:46.973Z] REG OK: HKLM\SOFTWARE\ODBC\ODBCINST.INI\ODBC Drivers
[2025-11-13T15:39:46.991Z] REG OK: HKLM\SOFTWARE\ODBC\ODBCINST.INI\ODBC Drivers
[2025-11-13T15:39:47.006Z] REG OK: HKCU\SOFTWARE\ODBC\ODBC.INI\DataFlow
[2025-11-13T15:39:47.021Z] REG OK: HKCU\SOFTWARE\ODBC\ODBC.INI\DataFlow
[2025-11-13T15:39:47.022Z] DSN "DataFlow" ya existe; se reutiliza sin recrearlo.
[2025-11-13T15:43:09.302Z] saveServerForOdbc: server=DESKTOP-1680RVS\SQLEXPRESS
[2025-11-13T15:43:09.320Z] REG OK: HKLM\SOFTWARE\ODBC\ODBCINST.INI\ODBC Drivers
[2025-11-13T15:43:09.333Z] REG OK: HKLM\SOFTWARE\ODBC\ODBCINST.INI\ODBC Drivers
[2025-11-13T15:43:09.352Z] REG OK: HKLM\SOFTWARE\ODBC\ODBCINST.INI\ODBC Drivers
[2025-11-13T15:43:09.366Z] REG OK: HKCU\SOFTWARE\ODBC\ODBC.INI\DataFlow
[2025-11-13T15:43:09.382Z] REG OK: HKCU\SOFTWARE\ODBC\ODBC.INI\DataFlow
[2025-11-13T15:43:09.382Z] DSN "DataFlow" ya existe; se reutiliza sin recrearlo.
[2025-11-13T15:48:02.939Z] saveServerForOdbc: server=DESKTOP-1680RVS\SQLEXPRESS
[2025-11-13T15:48:02.958Z] REG OK: HKLM\SOFTWARE\ODBC\ODBCINST.INI\ODBC Drivers
[2025-11-13T15:48:02.971Z] REG OK: HKLM\SOFTWARE\ODBC\ODBCINST.INI\ODBC Drivers
[2025-11-13T15:48:02.989Z] REG OK: HKLM\SOFTWARE\ODBC\ODBCINST.INI\ODBC Drivers
[2025-11-13T15:48:03.004Z] REG OK: HKCU\SOFTWARE\ODBC\ODBC.INI\DataFlow
[2025-11-13T15:48:03.020Z] REG OK: HKCU\SOFTWARE\ODBC\ODBC.INI\DataFlow
[2025-11-13T15:48:03.020Z] DSN "DataFlow" ya existe; se reutiliza sin recrearlo.
[2025-11-13T15:48:49.884Z] saveServerForOdbc: server=DESKTOP-1680RVS\SQLEXPRESS
[2025-11-13T15:48:49.904Z] REG OK: HKLM\SOFTWARE\ODBC\ODBCINST.INI\ODBC Drivers
[2025-11-13T15:48:49.918Z] REG OK: HKLM\SOFTWARE\ODBC\ODBCINST.INI\ODBC Drivers
[2025-11-13T15:48:49.936Z] REG OK: HKLM\SOFTWARE\ODBC\ODBCINST.INI\ODBC Drivers
[2025-11-13T15:48:49.950Z] REG OK: HKCU\SOFTWARE\ODBC\ODBC.INI\DataFlow
[2025-11-13T15:48:49.967Z] REG OK: HKCU\SOFTWARE\ODBC\ODBC.INI\DataFlow
[2025-11-13T15:48:49.967Z] DSN "DataFlow" ya existe; se reutiliza sin recrearlo.
[2025-11-13T15:51:11.288Z] saveServerForOdbc: server=DESKTOP-1680RVS\SQLEXPRESS
[2025-11-13T15:51:11.308Z] REG OK: HKLM\SOFTWARE\ODBC\ODBCINST.INI\ODBC Drivers
[2025-11-13T15:51:11.321Z] REG OK: HKLM\SOFTWARE\ODBC\ODBCINST.INI\ODBC Drivers
[2025-11-13T15:51:11.339Z] REG OK: HKLM\SOFTWARE\ODBC\ODBCINST.INI\ODBC Drivers
[2025-11-13T15:51:11.354Z] REG OK: HKCU\SOFTWARE\ODBC\ODBC.INI\DataFlow
[2025-11-13T15:51:11.370Z] REG OK: HKCU\SOFTWARE\ODBC\ODBC.INI\DataFlow
[2025-11-13T15:51:11.371Z] DSN "DataFlow" ya existe; se reutiliza sin recrearlo.
[2025-11-13T17:23:30.546Z] saveServerForOdbc: server=DESKTOP-1680RVS\SQLEXPRESS
[2025-11-13T17:23:30.566Z] REG OK: HKLM\SOFTWARE\ODBC\ODBCINST.INI\ODBC Drivers
[2025-11-13T17:23:30.580Z] REG OK: HKLM\SOFTWARE\ODBC\ODBCINST.INI\ODBC Drivers
[2025-11-13T17:23:30.598Z] REG OK: HKLM\SOFTWARE\ODBC\ODBCINST.INI\ODBC Drivers
[2025-11-13T17:23:30.613Z] REG OK: HKCU\SOFTWARE\ODBC\ODBC.INI\DataFlow
[2025-11-13T17:23:30.629Z] REG OK: HKCU\SOFTWARE\ODBC\ODBC.INI\DataFlow
[2025-11-13T17:23:30.630Z] DSN "DataFlow" ya existe; se reutiliza sin recrearlo.
[2025-11-13T17:35:26.012Z] saveServerForOdbc: server=DESKTOP-1680RVS\SQLEXPRESS
[2025-11-13T17:35:26.033Z] REG OK: HKLM\SOFTWARE\ODBC\ODBCINST.INI\ODBC Drivers
[2025-11-13T17:35:26.047Z] REG OK: HKLM\SOFTWARE\ODBC\ODBCINST.INI\ODBC Drivers
[2025-11-13T17:35:26.066Z] REG OK: HKLM\SOFTWARE\ODBC\ODBCINST.INI\ODBC Drivers
[2025-11-13T17:35:26.080Z] REG OK: HKCU\SOFTWARE\ODBC\ODBC.INI\DataFlow
[2025-11-13T17:35:26.097Z] REG OK: HKCU\SOFTWARE\ODBC\ODBC.INI\DataFlow
[2025-11-13T17:35:26.097Z] DSN "DataFlow" ya existe; se reutiliza sin recrearlo.
[2025-11-13T17:36:00.389Z] saveServerForOdbc: server=DESKTOP-1680RVS\SQLEXPRESS
[2025-11-13T17:36:00.404Z] REG OK: HKLM\SOFTWARE\ODBC\ODBCINST.INI\ODBC Drivers
[2025-11-13T17:36:00.417Z] REG OK: HKLM\SOFTWARE\ODBC\ODBCINST.INI\ODBC Drivers
[2025-11-13T17:36:00.436Z] REG OK: HKLM\SOFTWARE\ODBC\ODBCINST.INI\ODBC Drivers
[2025-11-13T17:36:00.449Z] REG OK: HKCU\SOFTWARE\ODBC\ODBC.INI\DataFlow
[2025-11-13T17:36:00.463Z] REG OK: HKCU\SOFTWARE\ODBC\ODBC.INI\DataFlow
[2025-11-13T17:36:00.463Z] DSN "DataFlow" ya existe; se reutiliza sin recrearlo.
[2025-11-13T17:42:13.254Z] saveServerForOdbc: server=DESKTOP-1680RVS\SQLEXPRESS
[2025-11-13T17:42:13.273Z] REG OK: HKLM\SOFTWARE\ODBC\ODBCINST.INI\ODBC Drivers
[2025-11-13T17:42:13.286Z] REG OK: HKLM\SOFTWARE\ODBC\ODBCINST.INI\ODBC Drivers
[2025-11-13T17:42:13.304Z] REG OK: HKLM\SOFTWARE\ODBC\ODBCINST.INI\ODBC Drivers
[2025-11-13T17:42:13.320Z] REG OK: HKCU\SOFTWARE\ODBC\ODBC.INI\DataFlow
[2025-11-13T17:42:13.336Z] REG OK: HKCU\SOFTWARE\ODBC\ODBC.INI\DataFlow
[2025-11-13T17:42:13.336Z] DSN "DataFlow" ya existe; se reutiliza sin recrearlo.
